Removed Pin From Net: NetName=2_12 Pin=D2-2
Removed Pin From Net: NetName=2_12 Pin=U1-1
Removed Pin From Net: NetName=2_12 Pin=U1-2
Removed Pin From Net: NetName=2_12 Pin=U1-3
Removed Pin From Net: NetName=2_12 Pin=U1-4
Removed Pin From Net: NetName=2_12 Pin=U1-6
Removed Pin From Net: NetName=2_12 Pin=U1-8
Removed Pin From Net: NetName=2_12 Pin=U1-9
Removed Pin From Net: NetName=2_12 Pin=U1-15
Removed Pin From Net: NetName=+9V Pin=U1-16
Removed Pin From Net: NetName=2_12 Pin=U2-8
Removed Pin From Net: NetName=2_12 Pin=U2-9
Removed Pin From Net: NetName=2_12 Pin=U2-10
Removed Pin From Net: NetName=2_12 Pin=U2-15
Removed Pin From Net: NetName=+9V Pin=U2-16
Removed Pin From Net: NetName=2_12 Pin=U5-6
Removed Pin From Net: NetName=2_12 Pin=U5-8
Removed Pin From Net: NetName=+9V Pin=U5-16
Removed Pin From Net: NetName=+9V Pin=U8-1
Removed Pin From Net: NetName=+9V Pin=U8-5
Removed Pin From Net: NetName=+9V Pin=U8-6
Removed Pin From Net: NetName=2_12 Pin=U8-7
Removed Pin From Net: NetName=2_12 Pin=U8-10
Removed Pin From Net: NetName=+9V Pin=U8-13
Removed Pin From Net: NetName=+9V Pin=U8-14
Removed Pin From Net: NetName=+9V Pin=U9-4
Removed Pin From Net: NetName=2_12 Pin=U9-7
Removed Pin From Net: NetName=+9V Pin=U9-14
Removed Pin From Net: NetName=2_12 Pin=U11-8
Removed Pin From Net: NetName=2_12 Pin=U11-13
Removed Pin From Net: NetName=+9V Pin=U11-16
Added Pin To Net: NetName=2_19 Pin=D2-2
Added Pin To Net: NetName=2_19 Pin=U2-8
Added Pin To Net: NetName=2_19 Pin=U2-9
Added Pin To Net: NetName=2_19 Pin=U2-10
Added Pin To Net: NetName=2_19 Pin=U2-15
Added Pin To Net: NetName=2_19 Pin=U5-6
Added Pin To Net: NetName=2_19 Pin=U5-8
Added Pin To Net: NetName=2_19 Pin=U8-7
Added Pin To Net: NetName=2_19 Pin=U9-7
Added Pin To Net: NetName=2_19 Pin=U11-8
Added Pin To Net: NetName=2_19 Pin=U11-13
Change Net Name : Old Net Name=2_12 New Net Name=GND_9V
Added Pin To Net: NetName=+5V Pin=U1-16
Added Pin To Net: NetName=+5V Pin=U2-16
Added Pin To Net: NetName=+5V Pin=U5-16
Added Pin To Net: NetName=+5V Pin=U8-1
Added Pin To Net: NetName=+5V Pin=U8-5
Added Pin To Net: NetName=+5V Pin=U8-6
Added Pin To Net: NetName=+5V Pin=U8-13
Added Pin To Net: NetName=+5V Pin=U8-14
Added Pin To Net: NetName=+5V Pin=U9-4
Added Pin To Net: NetName=+5V Pin=U9-14
Added Pin To Net: NetName=+5V Pin=U11-16
Added Net: Name=+5V
Added Pin To Net: NetName=2_12 Pin=U1-1
Added Pin To Net: NetName=2_12 Pin=U1-2
Added Pin To Net: NetName=2_12 Pin=U1-3
Added Pin To Net: NetName=2_12 Pin=U1-4
Added Pin To Net: NetName=2_12 Pin=U1-6
Added Pin To Net: NetName=2_12 Pin=U1-8
Added Pin To Net: NetName=2_12 Pin=U1-9
Added Pin To Net: NetName=2_12 Pin=U1-15
Added Pin To Net: NetName=2_12 Pin=U8-10
Added Net: Name=2_12
Added Member To Class: ClassName=Y2 Member=Component H1 Header 24
