Add Component: Footprint Not Found CP1/2
Added Component: Designator=C6(3216)
Add component (AddParameter): Name = "Description 1"; Value = "10 => 220uF/6,3V/10V - 10uF => 100uF/16V"; VariantName = "[No Variations]"
Add component (AddParameter): Name = "Description 2"; Value = "0,1uF => 33uF/50V - 10uF => 22uF/63V"; VariantName = "[No Variations]"
Add component (AddParameter): Name = "Description 3"; Value = "0,47uF => 10uF/100V"; VariantName = "[No Variations]"
Add component (AddParameter): Name = "Value"; Value = "10uF/50V"; VariantName = "[No Variations]"
Added Component: Designator=C7(3216)
Add component (AddParameter): Name = "Description 1"; Value = "10 => 220uF/6,3V/10V - 10uF => 100uF/16V"; VariantName = "[No Variations]"
Add component (AddParameter): Name = "Description 2"; Value = "0,1uF => 33uF/50V - 10uF => 22uF/63V"; VariantName = "[No Variations]"
Add component (AddParameter): Name = "Description 3"; Value = "0,47uF => 10uF/100V"; VariantName = "[No Variations]"
Add component (AddParameter): Name = "Value"; Value = "10uF/50V"; VariantName = "[No Variations]"
Added Component: Designator=C8(3216)
Add component (AddParameter): Name = "Description 1"; Value = "10 => 220uF/6,3V/10V - 10uF => 100uF/16V"; VariantName = "[No Variations]"
Add component (AddParameter): Name = "Description 2"; Value = "0,1uF => 33uF/50V - 10uF => 22uF/63V"; VariantName = "[No Variations]"
Add component (AddParameter): Name = "Description 3"; Value = "0,47uF => 10uF/100V"; VariantName = "[No Variations]"
Add component (AddParameter): Name = "Value"; Value = "10uF/50V"; VariantName = "[No Variations]"
Added Component: Designator=C9(3216)
Add component (AddParameter): Name = "Description 1"; Value = "10 => 220uF/6,3V/10V - 10uF => 100uF/16V"; VariantName = "[No Variations]"
Add component (AddParameter): Name = "Description 2"; Value = "0,1uF => 33uF/50V - 10uF => 22uF/63V"; VariantName = "[No Variations]"
Add component (AddParameter): Name = "Description 3"; Value = "0,47uF => 10uF/100V"; VariantName = "[No Variations]"
Add component (AddParameter): Name = "Value"; Value = "10uF/50V"; VariantName = "[No Variations]"
Added Component: Designator=C10(3216)
Add component (AddParameter): Name = "Description 1"; Value = "10 => 220uF/6,3V/10V - 10uF => 100uF/16V"; VariantName = "[No Variations]"
Add component (AddParameter): Name = "Description 2"; Value = "0,1uF => 33uF/50V - 10uF => 22uF/63V"; VariantName = "[No Variations]"
Add component (AddParameter): Name = "Description 3"; Value = "0,47uF => 10uF/100V"; VariantName = "[No Variations]"
Add component (AddParameter): Name = "Value"; Value = "10uF/50V"; VariantName = "[No Variations]"
Added Component: Designator=C11(3216)
Add component (AddParameter): Name = "Description 1"; Value = "10 => 220uF/6,3V/10V - 10uF => 100uF/16V"; VariantName = "[No Variations]"
Add component (AddParameter): Name = "Description 2"; Value = "0,1uF => 33uF/50V - 10uF => 22uF/63V"; VariantName = "[No Variations]"
Add component (AddParameter): Name = "Description 3"; Value = "0,47uF => 10uF/100V"; VariantName = "[No Variations]"
Add component (AddParameter): Name = "Value"; Value = "10uF/50V"; VariantName = "[No Variations]"
Added Component: Designator=C12(3216)
Add component (AddParameter): Name = "Description 1"; Value = "10 => 220uF/6,3V/10V - 10uF => 100uF/16V"; VariantName = "[No Variations]"
Add component (AddParameter): Name = "Description 2"; Value = "0,1uF => 33uF/50V - 10uF => 22uF/63V"; VariantName = "[No Variations]"
Add component (AddParameter): Name = "Description 3"; Value = "0,47uF => 10uF/100V"; VariantName = "[No Variations]"
Add component (AddParameter): Name = "Value"; Value = "10uF/50V"; VariantName = "[No Variations]"
Added Component: Designator=C13(3216)
Add component (AddParameter): Name = "Description 1"; Value = "10 => 220uF/6,3V/10V - 10uF => 100uF/16V"; VariantName = "[No Variations]"
Add component (AddParameter): Name = "Description 2"; Value = "0,1uF => 33uF/50V - 10uF => 22uF/63V"; VariantName = "[No Variations]"
Add component (AddParameter): Name = "Description 3"; Value = "0,47uF => 10uF/100V"; VariantName = "[No Variations]"
Add component (AddParameter): Name = "Value"; Value = "10uF/50V"; VariantName = "[No Variations]"
Added Component: Designator=D1(sot-23)
Add Component: Footprint Not Found DIODE SOD-123
Added Component: Designator=R1(R0805)
Add component (AddParameter): Name = "ASiD Part Number"; Value = "Res-AS"; VariantName = "[No Variations]"
Add component (AddParameter): Name = "Value"; Value = "20k"; VariantName = "[No Variations]"
Added Component: Designator=R2(R0805)
Add component (AddParameter): Name = "ASiD Part Number"; Value = "Res-AS"; VariantName = "[No Variations]"
Add component (AddParameter): Name = "Value"; Value = "20k"; VariantName = "[No Variations]"
Added Component: Designator=R4(R0805)
Add component (AddParameter): Name = "ASiD Part Number"; Value = "Res-AS"; VariantName = "[No Variations]"
Add component (AddParameter): Name = "Value"; Value = "10k"; VariantName = "[No Variations]"
Added Component: Designator=R5(R0805)
Add component (AddParameter): Name = "ASiD Part Number"; Value = "Res-AS"; VariantName = "[No Variations]"
Add component (AddParameter): Name = "Value"; Value = "10k"; VariantName = "[No Variations]"
Added Component: Designator=R6(R0805)
Add component (AddParameter): Name = "ASiD Part Number"; Value = "Res-AS"; VariantName = "[No Variations]"
Add component (AddParameter): Name = "Value"; Value = "51k"; VariantName = "[No Variations]"
Added Component: Designator=R7(R0805)
Add component (AddParameter): Name = "ASiD Part Number"; Value = "Res-AS"; VariantName = "[No Variations]"
Add component (AddParameter): Name = "Value"; Value = "51k"; VariantName = "[No Variations]"
Added Component: Designator=R8(R0805)
Add component (AddParameter): Name = "ASiD Part Number"; Value = "Res-AS"; VariantName = "[No Variations]"
Add component (AddParameter): Name = "Value"; Value = "10k"; VariantName = "[No Variations]"
Add Component: Footprint Not Found D0016A_N
Added Component: Designator=U9(SOIC14)
Add Component: Footprint Not Found D0016A_N
Added Component: Designator=U11(SOP16)
Add component (AddParameter): Name = "Code_IPC"; Value = "SOIC127P600-16"; VariantName = "[No Variations]"
Add component (AddParameter): Name = "ComponentLink1Description"; Value = "Manufacturer Link"; VariantName = "[No Variations]"
Add component (AddParameter): Name = "ComponentLink1URL"; Value = "http://www.fairchildsemi.com/"; VariantName = "[No Variations]"
Add component (AddParameter): Name = "ComponentLink2Description"; Value = "Datasheet"; VariantName = "[No Variations]"
Add component (AddParameter): Name = "ComponentLink2URL"; Value = "http://www.fairchildsemi.com/ds/CD%2FCD4017BC.pdf"; VariantName = "[No Variations]"
Add component (AddParameter): Name = "DatasheetVersion"; Value = "Jan-1999"; VariantName = "[No Variations]"
Add component (AddParameter): Name = "LatestRevisionDate"; Value = "13-Apr-2006"; VariantName = "[No Variations]"
Add component (AddParameter): Name = "LatestRevisionNote"; Value = "IPC-7351 Footprint Added."; VariantName = "[No Variations]"
Add component (AddParameter): Name = "Note"; Value = "NC pins 6 and 9 are not drawn."; VariantName = "[No Variations]"
Add component (AddParameter): Name = "PackageDescription"; Value = "16-Pin Small Outline Integrated Circuit 1.27 mm Pitch"; VariantName = "[No Variations]"
Add component (AddParameter): Name = "PackageReference"; Value = "M16A"; VariantName = "[No Variations]"
Add component (AddParameter): Name = "PackageVersion"; Value = "2000"; VariantName = "[No Variations]"
Add component (AddParameter): Name = "Published"; Value = "17-Jul-2002"; VariantName = "[No Variations]"
Add component (AddParameter): Name = "Publisher"; Value = "Altium Limited"; VariantName = "[No Variations]"
Added Component: Designator=U12(dip16)
Added Component: Designator=U13(soic16n)
Added Component: Designator=U14(soic16n)
Add Pin To Net: Unknown Pin: Pin C5-1
Add Pin To Net: Unknown Pin: Pin C5-2
Added Pin To Net: NetName=NetC6_1 Pin=C6-1
Added Pin To Net: NetName=NetC5_2 Pin=C6-2
Added Pin To Net: NetName=NetC7_1 Pin=C7-1
Added Pin To Net: NetName=NetC5_2 Pin=C7-2
Added Pin To Net: NetName=NetC8_1 Pin=C8-1
Added Pin To Net: NetName=NetC5_2 Pin=C8-2
Added Pin To Net: NetName=NetC9_1 Pin=C9-1
Added Pin To Net: NetName=NetC5_2 Pin=C9-2
Added Pin To Net: NetName=NetC10_1 Pin=C10-1
Added Pin To Net: NetName=NetC5_2 Pin=C10-2
Added Pin To Net: NetName=NetC11_1 Pin=C11-1
Added Pin To Net: NetName=NetC5_2 Pin=C11-2
Added Pin To Net: NetName=NetC12_1 Pin=C12-1
Added Pin To Net: NetName=NetC5_2 Pin=C12-2
Added Pin To Net: NetName=NetC13_1 Pin=C13-1
Added Pin To Net: NetName=NetC5_2 Pin=C13-2
Added Pin To Net: NetName=NetD1_1 Pin=D1-1
Added Pin To Net: NetName=+9V Pin=D1-2
Added Pin To Net: NetName=NetD1_3 Pin=D1-3
Add Pin To Net: Unknown Pin: Pin D4-1
Add Pin To Net: Unknown Pin: Pin D4-2
Added Pin To Net: NetName=2_11 Pin=R1-1
Added Pin To Net: NetName=NetD1_3 Pin=R1-2
Added Pin To Net: NetName=NetD1_1 Pin=R2-1
Added Pin To Net: NetName=GND Pin=R2-2
Added Pin To Net: NetName=2_44 Pin=R4-1
Added Pin To Net: NetName=+9V Pin=R4-2
Added Pin To Net: NetName=+9V Pin=R5-1
Added Pin To Net: NetName=2_40 Pin=R5-2
Added Pin To Net: NetName=2_26 Pin=R6-1
Added Pin To Net: NetName=GND Pin=R6-2
Added Pin To Net: NetName=2_6 Pin=R8-1
Added Pin To Net: NetName=NetC5_2 Pin=R8-2
Add Pin To Net: Unknown Pin: Pin U2-1
Add Pin To Net: Unknown Pin: Pin U2-2
Add Pin To Net: Unknown Pin: Pin U2-6
Add Pin To Net: Unknown Pin: Pin U2-7
Add Pin To Net: Unknown Pin: Pin U2-8
Add Pin To Net: Unknown Pin: Pin U2-9
Add Pin To Net: Unknown Pin: Pin U2-10
Add Pin To Net: Unknown Pin: Pin U2-15
Add Pin To Net: Unknown Pin: Pin U2-16
Added Pin To Net: NetName=2_26 Pin=U9-1
Added Pin To Net: NetName=NetU9_2 Pin=U9-2
Added Pin To Net: NetName=NetU9_2 Pin=U9-3
Added Pin To Net: NetName=+9V Pin=U9-4
Added Pin To Net: NetName=2_8 Pin=U9-5
Added Pin To Net: NetName=2_14 Pin=U9-6
Added Pin To Net: NetName=GND Pin=U9-7
Added Pin To Net: NetName=2_22 Pin=U9-8
Added Pin To Net: NetName=2_24 Pin=U9-9
Added Pin To Net: NetName=2_24 Pin=U9-10
Added Pin To Net: NetName=2_41 Pin=U9-11
Added Pin To Net: NetName=2_20 Pin=U9-12
Added Pin To Net: NetName=+9V Pin=U9-14
Add Pin To Net: Unknown Pin: Pin U10-1
Add Pin To Net: Unknown Pin: Pin U10-2
Add Pin To Net: Unknown Pin: Pin U10-3
Add Pin To Net: Unknown Pin: Pin U10-4
Add Pin To Net: Unknown Pin: Pin U10-5
Add Pin To Net: Unknown Pin: Pin U10-6
Add Pin To Net: Unknown Pin: Pin U10-7
Add Pin To Net: Unknown Pin: Pin U10-8
Add Pin To Net: Unknown Pin: Pin U10-9
Add Pin To Net: Unknown Pin: Pin U10-10
Add Pin To Net: Unknown Pin: Pin U10-12
Add Pin To Net: Unknown Pin: Pin U10-13
Add Pin To Net: Unknown Pin: Pin U10-14
Add Pin To Net: Unknown Pin: Pin U10-15
Add Pin To Net: Unknown Pin: Pin U10-16
Added Pin To Net: NetName=NetU8_9 Pin=U11-3
Added Pin To Net: NetName=NetU11_7 Pin=U11-7
Added Pin To Net: NetName=GND Pin=U11-8
Added Pin To Net: NetName=GND Pin=U11-13
Added Pin To Net: NetName=2_25 Pin=U11-14
Added Pin To Net: NetName=NetU11_7 Pin=U11-15
Added Pin To Net: NetName=+9V Pin=U11-16
Added Pin To Net: NetName=GND Pin=U12-1
Added Pin To Net: NetName=GND Pin=U12-2
Added Pin To Net: NetName=2_35 Pin=U12-3
Added Pin To Net: NetName=2_33 Pin=U12-4
Added Pin To Net: NetName=NetU10_5 Pin=U12-5
Added Pin To Net: NetName=2_31 Pin=U12-6
Added Pin To Net: NetName=NetU8_8 Pin=U12-7
Added Pin To Net: NetName=GND Pin=U12-8
Added Pin To Net: NetName=GND Pin=U12-9
Added Pin To Net: NetName=NetU12_10 Pin=U12-10
Added Pin To Net: NetName=NetU12_11 Pin=U12-11
Added Pin To Net: NetName=NetU12_12 Pin=U12-12
Added Pin To Net: NetName=GND Pin=U12-15
Added Pin To Net: NetName=+9V Pin=U12-16
Added Pin To Net: NetName=NetC9_1 Pin=U13-1
Added Pin To Net: NetName=NetC7_1 Pin=U13-2
Added Pin To Net: NetName=2_10 Pin=U13-3
Added Pin To Net: NetName=NetC6_1 Pin=U13-4
Added Pin To Net: NetName=NetC8_1 Pin=U13-5
Added Pin To Net: NetName=GND Pin=U13-6
Added Pin To Net: NetName=NetC5_2 Pin=U13-7
Added Pin To Net: NetName=GND Pin=U13-8
Added Pin To Net: NetName=NetU12_12 Pin=U13-9
Added Pin To Net: NetName=NetU12_11 Pin=U13-10
Added Pin To Net: NetName=NetU12_10 Pin=U13-11
Added Pin To Net: NetName=NetC10_1 Pin=U13-12
Added Pin To Net: NetName=NetC13_1 Pin=U13-13
Added Pin To Net: NetName=NetC12_1 Pin=U13-14
Added Pin To Net: NetName=NetC11_1 Pin=U13-15
Added Pin To Net: NetName=+9V Pin=U13-16
Added Pin To Net: NetName=NetC13_1 Pin=U14-1
Added Pin To Net: NetName=NetC11_1 Pin=U14-2
Added Pin To Net: NetName=2_8 Pin=U14-3
Added Pin To Net: NetName=NetC10_1 Pin=U14-4
Added Pin To Net: NetName=NetC12_1 Pin=U14-5
Added Pin To Net: NetName=GND Pin=U14-6
Added Pin To Net: NetName=NetC5_2 Pin=U14-7
Added Pin To Net: NetName=GND Pin=U14-8
Added Pin To Net: NetName=NetU12_12 Pin=U14-9
Added Pin To Net: NetName=NetU12_11 Pin=U14-10
Added Pin To Net: NetName=NetU12_10 Pin=U14-11
Added Pin To Net: NetName=NetC6_1 Pin=U14-12
Added Pin To Net: NetName=NetC9_1 Pin=U14-13
Added Pin To Net: NetName=NetC8_1 Pin=U14-14
Added Pin To Net: NetName=NetC7_1 Pin=U14-15
Added Pin To Net: NetName=+9V Pin=U14-16
Added Pin To Net: NetName=NetR7_1 Pin=R7-1
Added Pin To Net: NetName=NetR7_1 Pin=U8-3
Added Net: Name=NetR7_1
Added Pin To Net: NetName=NetR7_2 Pin=R7-2
Added Pin To Net: NetName=NetR7_2 Pin=U9-13
Added Net: Name=NetR7_2
Add Class Member: Failed to add class member : Component C5 22uF/16V
Added Member To Class: ClassName=Y2 Member=Component C6 3.3uF/16V
Added Member To Class: ClassName=Y2 Member=Component C7 3.3uF/16V
Added Member To Class: ClassName=Y2 Member=Component C8 3.3uF/16V
Added Member To Class: ClassName=Y2 Member=Component C9 3.3uF/16V
Added Member To Class: ClassName=Y2 Member=Component C10 3.3uF/16V
Added Member To Class: ClassName=Y2 Member=Component C11 3.3uF/16V
Added Member To Class: ClassName=Y2 Member=Component C12 3.3uF/16V
Added Member To Class: ClassName=Y2 Member=Component C13 3.3uF/16V
Added Member To Class: ClassName=Y2 Member=Component D1 BAW56
Add Class Member: Failed to add class member : Component D4 1N4148
Added Member To Class: ClassName=Y2 Member=Component R1 20k
Added Member To Class: ClassName=Y2 Member=Component R2 20k
Added Member To Class: ClassName=Y2 Member=Component R4 10k
Added Member To Class: ClassName=Y2 Member=Component R5 10k
Added Member To Class: ClassName=Y2 Member=Component R6 51k
Added Member To Class: ClassName=Y2 Member=Component R7 51k
Added Member To Class: ClassName=Y2 Member=Component R8 10k
Add Class Member: Failed to add class member : Component U2 CD4520BM
Added Member To Class: ClassName=Y2 Member=Component U9 CD4016
Add Class Member: Failed to add class member : Component U10 CD4520BM
Added Member To Class: ClassName=Y2 Member=Component U11 CD4022BCM
Added Member To Class: ClassName=Y2 Member=Component U12 CD4008
Added Member To Class: ClassName=Y2 Member=Component U13 KP2-CD4051
Added Member To Class: ClassName=Y2 Member=Component U14 CD4051
