Add Component: Footprint Not Found CP1/2.5
Add Component: Footprint Not Found CP1/2.5
Add Component: Footprint Not Found CP1/2.5
Add Component: Footprint Not Found CP1/2.5
Added Component: Designator=D2(SOD123)
Add component (AddParameter): Name = "Chung_Loai"; Value = "Dán"; VariantName = "[No Variations]"
Add component (AddParameter): Name = "Don_Vi"; Value = "Con"; VariantName = "[No Variations]"
Add component (AddParameter): Name = "Ghi_Chu"; Value = ""; VariantName = "[No Variations]"
Add component (AddParameter): Name = "Kieu_Chan"; Value = ""; VariantName = "[No Variations]"
Add component (AddParameter): Name = "Ma_Hang"; Value = "MH005519"; VariantName = "[No Variations]"
Add component (AddParameter): Name = "Ten_Linh_Kien"; Value = "Diode S4 SOD123 ( 1N5819 SOD123)"; VariantName = "[No Variations]"
Added Component: Designator=D3(SOD123)
Add component (AddParameter): Name = "Chung_Loai"; Value = "Dán"; VariantName = "[No Variations]"
Add component (AddParameter): Name = "Don_Vi"; Value = "Con"; VariantName = "[No Variations]"
Add component (AddParameter): Name = "Ghi_Chu"; Value = ""; VariantName = "[No Variations]"
Add component (AddParameter): Name = "Kieu_Chan"; Value = ""; VariantName = "[No Variations]"
Add component (AddParameter): Name = "Ma_Hang"; Value = "MH005519"; VariantName = "[No Variations]"
Add component (AddParameter): Name = "Ten_Linh_Kien"; Value = "Diode S4 SOD123 ( 1N5819 SOD123)"; VariantName = "[No Variations]"
Added Component: Designator=R3(R0805)
Add component (AddParameter): Name = "ASiD Part Number"; Value = "Res-AS"; VariantName = "[No Variations]"
Add component (AddParameter): Name = "Value"; Value = "10k"; VariantName = "[No Variations]"
Added Component: Designator=U1(soic16n)
Added Component: Designator=U5(soic16n)
Added Pin To Net: NetName=GND Pin=D2-2
Added Pin To Net: NetName=GND Pin=U1-1
Added Pin To Net: NetName=GND Pin=U1-2
Added Pin To Net: NetName=GND Pin=U1-3
Added Pin To Net: NetName=GND Pin=U1-4
Added Pin To Net: NetName=2_36 Pin=U1-5
Added Pin To Net: NetName=GND Pin=U1-6
Added Pin To Net: NetName=GND Pin=U1-8
Added Pin To Net: NetName=GND Pin=U1-9
Added Pin To Net: NetName=GND Pin=U1-15
Added Pin To Net: NetName=+9V Pin=U1-16
Added Pin To Net: NetName=GND Pin=U5-6
Added Pin To Net: NetName=GND Pin=U5-8
Added Pin To Net: NetName=+9V Pin=U5-16
Change Net Name : Old Net Name=GND New Net Name=2_13
Added Pin To Net: NetName=2_19 Pin=U5-7
Added Net: Name=2_19
Added Pin To Net: NetName=2_21 Pin=U5-3
Added Net: Name=2_21
Added Net: Name=2_23
Added Pin To Net: NetName=2_28 Pin=R3-2
Added Net: Name=2_28
Added Pin To Net: NetName=2_34 Pin=U1-7
Added Net: Name=2_34
Added Pin To Net: NetName=NetC1_2 Pin=U5-2
Added Pin To Net: NetName=NetC1_2 Pin=U5-12
Added Net: Name=NetC1_2
Added Pin To Net: NetName=NetC2_2 Pin=U5-4
Added Pin To Net: NetName=NetC2_2 Pin=U5-14
Added Net: Name=NetC2_2
Added Pin To Net: NetName=NetC3_2 Pin=U5-1
Added Pin To Net: NetName=NetC3_2 Pin=U5-15
Added Net: Name=NetC3_2
Added Pin To Net: NetName=NetC4_2 Pin=U5-5
Added Pin To Net: NetName=NetC4_2 Pin=U5-11
Added Net: Name=NetC4_2
Added Pin To Net: NetName=NetD2_1 Pin=D2-1
Added Pin To Net: NetName=NetD2_1 Pin=D3-2
Added Net: Name=NetD2_1
Added Pin To Net: NetName=NetD3_1 Pin=D3-1
Added Pin To Net: NetName=NetD3_1 Pin=R3-1
Added Pin To Net: NetName=NetD3_1 Pin=U5-13
Added Net: Name=NetD3_1
Added Pin To Net: NetName=NetU1_10 Pin=U1-10
Added Pin To Net: NetName=NetU1_10 Pin=U5-10
Added Net: Name=NetU1_10
Added Pin To Net: NetName=NetU1_11 Pin=U1-11
Added Pin To Net: NetName=NetU1_11 Pin=U5-9
Added Net: Name=NetU1_11
Add Class Member: Failed to add class member : Component C1 6.8uF/16V
Add Class Member: Failed to add class member : Component C2 6.8uF/16V
Add Class Member: Failed to add class member : Component C3 6.8uF/16V
Add Class Member: Failed to add class member : Component C4 6.8uF/16V
Added Member To Class: ClassName=Y2 Member=Component D2 1N4148
Added Member To Class: ClassName=Y2 Member=Component D3 1N4148
Added Member To Class: ClassName=Y2 Member=Component R3 10k
Added Member To Class: ClassName=Y2 Member=Component U1 U1-MC14008
Added Member To Class: ClassName=Y2 Member=Component U5 U5-CD4052
Added Room: Name=Y2
